src/features/user/products.tsx(1,51): error TS6133: 'useMemo' is declared but its value is never read.
